제 이름은 조지 콴입니다.